C:\materija\ra248-2013\lab3\basic_system\implementation\system.ngc 1458579028
C:/materija/ra248-2013/lab3/basic_system/implementation/system_dip_switches_wrapper.ngc 1458578996
C:/materija/ra248-2013/lab3/basic_system/implementation/system_rs232_wrapper.ngc 1458578977
C:/materija/ra248-2013/lab3/basic_system/implementation/system_proc_sys_reset_0_wrapper.ngc 1458578887
C:/materija/ra248-2013/lab3/basic_system/implementation/system_clock_generator_0_wrapper.ngc 1458579011
C:/materija/ra248-2013/lab3/basic_system/implementation/system_microblaze_0_ilmb_wrapper.ngc 1458579000
C:/materija/ra248-2013/lab3/basic_system/implementation/system_microblaze_0_dlmb_wrapper.ngc 1458579004
C:/materija/ra248-2013/lab3/basic_system/implementation/system_axi4lite_0_wrapper.ngc 1458579015
C:/materija/ra248-2013/lab3/basic_system/implementation/system_microblaze_0_wrapper.ngc 1458579008
C:/materija/ra248-2013/lab3/basic_system/implementation/system_microblaze_0_i_bram_ctrl_wrapper.ngc 1458578897
C:/materija/ra248-2013/lab3/basic_system/implementation/system_microblaze_0_d_bram_ctrl_wrapper.ngc 1458578908
C:/materija/ra248-2013/lab3/basic_system/implementation/system_debug_module_wrapper.ngc 1458578953
C:/materija/ra248-2013/lab3/basic_system/implementation/system_leds_wrapper.ngc 1458578987
C:/materija/ra248-2013/lab3/basic_system/implementation/system_microblaze_0_bram_block_wrapper.ngc 1458578914
OK
